// Jest Snapshot v1, https://goo.gl/fbAQLP

exports[`expect to render Card component 1`] = `
"<div>
  <Card id={1} name=\\"John Doe\\" email=\\"john@gmail.com\\" />
</div>"
`;
